今天在玩一个测试库的时候，shutdown immediate关不掉数据库，就直接shutdown abort了。结果重启的时候出现ORA-16038：

SQL> startup
ORA-32004: obsolete and/or deprecated parameter(s) specified
ORACLE instance started.

Total System Global Area  764379136 bytes
Fixed Size                  2092472 bytes
Variable Size             549458504 bytes
Database Buffers          209715200 bytes
Redo Buffers                3112960 bytes
Database mounted.
ORA-16038: log 1 sequence# 43 cannot be archived
ORA-19502: write error on file "", block number  (block size=)
ORA-00312: online log 1 thread 1: '/oracle/DDS/archive/TEST/redo/redo01.log'

这个数据库是归档模式的，并且:

SQL> select group#,sequence#,archived,status from v$log;

    GROUP#  SEQUENCE# ARC STATUS
---------- ---------- --- ----------------
         1         43 NO  INACTIVE
         3         45 NO  CURRENT
         2         44 NO  INACTIVE

可以看出group 1没有被归档，并且不是current的redo log，所以直接：

SQL> alter database clear logfile group 1;
alter database clear logfile group 1
*
ERROR at line 1:
ORA-00350: log 1 of instance TEST (thread 1) needs to be archived
ORA-00312: online log 1 thread 1: '/oracle/DDS/archive/TEST/redo/redo01.log'



SQL> alter database clear unarchived logfile group 1;

Database altered.

or 
alter system archive log all to '/archive1';

SQL> alter database open;

Database altered.
